// Jest Snapshot v1, https://goo.gl/fbAQLP

exports[`App component should render as expected render Details 1`] = `
Object {
  "asFragment": [Function],
  "baseElement": <body>
    <div>
      <div
        class="hero-detail"
      >
        <div
          class="hero-content-detail"
        >
          <div
            class="info"
          >
            <div
              class="detail-name"
            >
              <h1>
                Ford Motor Company
              </h1>
              <span>
                F
              </span>
            </div>
            <div
              class="detail-hero-finance"
            >
              <div
                class="price"
              >
                <b>
                  $
                </b>
                 
                18.08
              </div>
              <div
                class="changes"
              >
                <svg
                  aria-hidden="true"
                  class="svg-inline--fa fa-chevron-up arrow"
                  color="green"
                  data-icon="chevron-up"
                  data-prefix="fas"
                  focusable="false"
                  role="img"
                  viewBox="0 0 448 512"
                  xmlns="http://www.w3.org/2000/svg"
                >
                  <path
                    d="M416 352c-8.188 0-16.38-3.125-22.62-9.375L224 173.3l-169.4 169.4c-12.5 12.5-32.75 12.5-45.25 0s-12.5-32.75 0-45.25l192-192c12.5-12.5 32.75-12.5 45.25 0l192 192c12.5 12.5 12.5 32.75 0 45.25C432.4 348.9 424.2 352 416 352z"
                    fill="currentColor"
                  />
                </svg>
                0.620001
              </div>
            </div>
          </div>
          <img
            alt="person looking at graphs"
            class="hero-img"
            src="details.svg"
          />
        </div>
      </div>
    </div>
  </body>,
  "container": <div>
    <div
      class="hero-detail"
    >
      <div
        class="hero-content-detail"
      >
        <div
          class="info"
        >
          <div
            class="detail-name"
          >
            <h1>
              Ford Motor Company
            </h1>
            <span>
              F
            </span>
          </div>
          <div
            class="detail-hero-finance"
          >
            <div
              class="price"
            >
              <b>
                $
              </b>
               
              18.08
            </div>
            <div
              class="changes"
            >
              <svg
                aria-hidden="true"
                class="svg-inline--fa fa-chevron-up arrow"
                color="green"
                data-icon="chevron-up"
                data-prefix="fas"
                focusable="false"
                role="img"
                viewBox="0 0 448 512"
                xmlns="http://www.w3.org/2000/svg"
              >
                <path
                  d="M416 352c-8.188 0-16.38-3.125-22.62-9.375L224 173.3l-169.4 169.4c-12.5 12.5-32.75 12.5-45.25 0s-12.5-32.75 0-45.25l192-192c12.5-12.5 32.75-12.5 45.25 0l192 192c12.5 12.5 12.5 32.75 0 45.25C432.4 348.9 424.2 352 416 352z"
                  fill="currentColor"
                />
              </svg>
              0.620001
            </div>
          </div>
        </div>
        <img
          alt="person looking at graphs"
          class="hero-img"
          src="details.svg"
        />
      </div>
    </div>
  </div>,
  "debug": [Function],
  "findAllByAltText": [Function],
  "findAllByDisplayValue": [Function],
  "findAllByLabelText": [Function],
  "findAllByPlaceholderText": [Function],
  "findAllByRole": [Function],
  "findAllByTestId": [Function],
  "findAllByText": [Function],
  "findAllByTitle": [Function],
  "findByAltText": [Function],
  "findByDisplayValue": [Function],
  "findByLabelText": [Function],
  "findByPlaceholderText": [Function],
  "findByRole": [Function],
  "findByTestId": [Function],
  "findByText": [Function],
  "findByTitle": [Function],
  "getAllByAltText": [Function],
  "getAllByDisplayValue": [Function],
  "getAllByLabelText": [Function],
  "getAllByPlaceholderText": [Function],
  "getAllByRole": [Function],
  "getAllByTestId": [Function],
  "getAllByText": [Function],
  "getAllByTitle": [Function],
  "getByAltText": [Function],
  "getByDisplayValue": [Function],
  "getByLabelText": [Function],
  "getByPlaceholderText": [Function],
  "getByRole": [Function],
  "getByTestId": [Function],
  "getByText": [Function],
  "getByTitle": [Function],
  "queryAllByAltText": [Function],
  "queryAllByDisplayValue": [Function],
  "queryAllByLabelText": [Function],
  "queryAllByPlaceholderText": [Function],
  "queryAllByRole": [Function],
  "queryAllByTestId": [Function],
  "queryAllByText": [Function],
  "queryAllByTitle": [Function],
  "queryByAltText": [Function],
  "queryByDisplayValue": [Function],
  "queryByLabelText": [Function],
  "queryByPlaceholderText": [Function],
  "queryByRole": [Function],
  "queryByTestId": [Function],
  "queryByText": [Function],
  "queryByTitle": [Function],
  "rerender": [Function],
  "unmount": [Function],
}
`;
